// Jest Snapshot v1, https://goo.gl/fbAQLP

exports[`should render LoginPage correctly 1`] = `
<div
  className="box-layout"
>
  <div
    className="box-layout__box box-layout--login"
  >
    <h1
      className="box-layout__title"
    >
      Log In
    </h1>
    <button
      className="button button--google-login"
    >
      <span
        className="button--soc-icon"
      >
        <img
          src="/images/google-ico.png"
        />
      </span>
      <span>
        Login with Google
      </span>
    </button>
    <div
      className="box-layout__divider"
    >
      or
    </div>
    <form>
      <div
        className="form-group total"
      >
        <span
          className="error-message total"
        />
      </div>
      <div
        className="form-group"
      >
        <input
          autoComplete="off"
          className="form-control"
          name="email"
          onChange={[Function]}
          type="text"
          value=""
        />
        <label>
          Email Address
        </label>
        <span
          className="error-message"
        />
      </div>
      <div
        className="form-group"
      >
        <input
          autoComplete="off"
          className="form-control"
          name="pass"
          onChange={[Function]}
          type="password"
          value=""
        />
        <label>
          Password
        </label>
        <span
          className="error-message"
        />
      </div>
      <div>
        <button
          className="button button--login-email"
          onClick={[Function]}
        >
          <span
            className="button--soc-icon"
          >
            <svg
              aria-hidden="true"
              data-icon="at"
              data-prefix="fas"
              role="img"
              viewBox="0 0 512 512"
              xmlns="http://www.w3.org/2000/svg"
            >
              <path
                d="M256 8C118.941 8 8 118.919 8 256c0 137.059 110.919 248 248 248 48.154 0 95.342-14.14 135.408-40.223 12.005-7.815 14.625-24.288 5.552-35.372l-10.177-12.433c-7.671-9.371-21.179-11.667-31.373-5.129C325.92 429.757 291.314 440 256 440c-101.458 0-184-82.542-184-184S154.542 72 256 72c100.139 0 184 57.619 184 160 0 38.786-21.093 79.742-58.17 83.693-17.349-.454-16.91-12.857-13.476-30.024l23.433-121.11C394.653 149.75 383.308 136 368.225 136h-44.981a13.518 13.518 0 0 0-13.432 11.993l-.01.092c-14.697-17.901-40.448-21.775-59.971-21.775-74.58 0-137.831 62.234-137.831 151.46 0 65.303 36.785 105.87 96 105.87 26.984 0 57.369-15.637 74.991-38.333 9.522 34.104 40.613 34.103 70.71 34.103C462.609 379.41 504 307.798 504 232 504 95.653 394.023 8 256 8zm-21.68 304.43c-22.249 0-36.07-15.623-36.07-40.771 0-44.993 30.779-72.729 58.63-72.729 22.292 0 35.601 15.241 35.601 40.77 0 45.061-33.875 72.73-58.161 72.73z"
                fill="currentColor"
              />
            </svg>
          </span>
          <span>
            Login with Email
          </span>
        </button>
      </div>
      <div>
        <button
          className="button button--reg-email"
          onClick={[Function]}
        >
          <span
            className="button--soc-icon"
          >
            <svg
              aria-hidden="true"
              data-icon="at"
              data-prefix="fas"
              role="img"
              viewBox="0 0 512 512"
              xmlns="http://www.w3.org/2000/svg"
            >
              <path
                d="M256 8C118.941 8 8 118.919 8 256c0 137.059 110.919 248 248 248 48.154 0 95.342-14.14 135.408-40.223 12.005-7.815 14.625-24.288 5.552-35.372l-10.177-12.433c-7.671-9.371-21.179-11.667-31.373-5.129C325.92 429.757 291.314 440 256 440c-101.458 0-184-82.542-184-184S154.542 72 256 72c100.139 0 184 57.619 184 160 0 38.786-21.093 79.742-58.17 83.693-17.349-.454-16.91-12.857-13.476-30.024l23.433-121.11C394.653 149.75 383.308 136 368.225 136h-44.981a13.518 13.518 0 0 0-13.432 11.993l-.01.092c-14.697-17.901-40.448-21.775-59.971-21.775-74.58 0-137.831 62.234-137.831 151.46 0 65.303 36.785 105.87 96 105.87 26.984 0 57.369-15.637 74.991-38.333 9.522 34.104 40.613 34.103 70.71 34.103C462.609 379.41 504 307.798 504 232 504 95.653 394.023 8 256 8zm-21.68 304.43c-22.249 0-36.07-15.623-36.07-40.771 0-44.993 30.779-72.729 58.63-72.729 22.292 0 35.601 15.241 35.601 40.77 0 45.061-33.875 72.73-58.161 72.73z"
                fill="currentColor"
              />
            </svg>
          </span>
          <span>
            Registrate with Email
          </span>
        </button>
      </div>
      <div
        className="my-collapsible"
      >
        <a
          className="button button--link"
          onClick={[Function]}
        >
          Forgot password?
        </a>
        <div
          className="toggle-div"
        >
          Please provide the email address you would like a password reset link sent to.
          <div
            className="form-group"
          >
            <input
              autoComplete="off"
              className="form-control"
              name="emailReset"
              onChange={[Function]}
              type="text"
              value=""
            />
            <label>
              Email Address
            </label>
            <span
              className="error-message"
            />
          </div>
          <div>
            <button
              className="button button--resetPass"
              onClick={[Function]}
            >
              Reset
            </button>
          </div>
        </div>
      </div>
    </form>
  </div>
  <ConfirmModal
    addNewAccount={[Function]}
  />
  <ModalInfo
    onRequestClose={[Function]}
  />
</div>
`;
